Reusing configuration cache.

> Task :app:signingReport
Variant: debug
Config: debugConfig
Store: /app/applet/debug.keystore
Alias: androiddebugkey
MD5: 51:82:8F:EA:51:71:DE:13:56:70:DC:4F:6D:8C:08:BA
SHA1: 78:12:E3:B1:A8:8F:E4:BE:38:1A:A9:24:75:B5:34:A5:8C:48:2A:5F
SHA-256: 7C:F0:71:F2:8A:43:08:2D:56:4E:29:37:88:B8:78:7F:D1:39:A4:00:73:9B:55:A1:94:9B:B2:B6:F3:C5:3E:92
Valid until: Monday, October 13, 2053
----------
Variant: release
Config: release
Store: /app/applet/my-upload-key.jks
Alias: upload
----------
Variant: debugAndroidTest
Config: debugConfig
Store: /app/applet/debug.keystore
Alias: androiddebugkey
MD5: 51:82:8F:EA:51:71:DE:13:56:70:DC:4F:6D:8C:08:BA
SHA1: 78:12:E3:B1:A8:8F:E4:BE:38:1A:A9:24:75:B5:34:A5:8C:48:2A:5F
SHA-256: 7C:F0:71:F2:8A:43:08:2D:56:4E:29:37:88:B8:78:7F:D1:39:A4:00:73:9B:55:A1:94:9B:B2:B6:F3:C5:3E:92
Valid until: Monday, October 13, 2053
----------

BUILD SUCCESSFUL in 1s
1 actionable task: 1 executed
Configuration cache entry reused.
